// Jest Snapshot v1, https://goo.gl/fbAQLP

exports[`Dashboard Form testCases should match the snapshot 1`] = `ReactWrapper {}`;

exports[`Dashboard form reducer should handle Get PROJECT DASHBOARD GRID DETAILS successfully 1`] = `
Object {
  "data": undefined,
  "error": null,
  "loading": false,
  "pipelineDetails": undefined,
  "projectChartSummary": Object {
    "data": Array [],
    "error": null,
    "loading": false,
  },
  "totalNumberOfRecord": undefined,
}
`;
