// Jest Snapshot v1, https://goo.gl/fbAQLP

exports[`PageBtnActions should not render buttons 1`] = `null`;

exports[`PageBtnActions should render 1`] = `null`;

exports[`PageBtnActions should render buttons 1`] = `
<button
  className="MuiButtonBase-root MuiButton-root makeStyles-buttonPrimary-1 MuiButton-contained MuiButton-containedPrimary"
  disabled={false}
  onBlur={[Function]}
  onClick={[Function]}
  onDragLeave={[Function]}
  onFocus={[Function]}
  onKeyDown={[Function]}
  onKeyUp={[Function]}
  onMouseDown={[Function]}
  onMouseLeave={[Function]}
  onMouseUp={[Function]}
  onTouchEnd={[Function]}
  onTouchMove={[Function]}
  onTouchStart={[Function]}
  tabIndex={0}
  type="button"
>
  <span
    className="MuiButton-label"
  >
    <svg
      aria-hidden="true"
      className="MuiSvgIcon-root makeStyles-leftIcon-3"
      focusable="false"
      role="presentation"
      viewBox="0 0 24 24"
    >
      <path
        d="M19 13h-6v6h-2v-6H5v-2h6V5h2v6h6v2z"
      />
    </svg>
    Test
  </span>
</button>
`;
