// Jest Snapshot v1, https://goo.gl/fbAQLP

exports[`Lost Run Rate & OnHold Chart should render 1`] = `
Array [
  <Doughnut
    data={
      Object {
        "datasets": Array [
          Object {
            "backgroundColor": Array [
              "#CEF1A3",
              "#526061",
              "#FBD55B",
              "#935FD6",
              "#EA8032",
              "#3DAAE9",
            ],
            "data": Array [
              4,
              2,
              7,
              9,
              23,
              2,
            ],
            "label": "My dataset",
          },
        ],
        "labels": Array [
          "Initial Customer Enquiry",
          "J&A",
          "Bid Submitted",
          "Order Received",
          "In Progress",
          "Completed",
        ],
      }
    }
    options={
      Object {
        "cutoutPercentage": 70,
        "legend": Object {
          "display": false,
        },
        "showTotalLabel": true,
      }
    }
  />,
]
`;
