// Jest Snapshot v1, https://goo.gl/fbAQLP

exports[`Run Rate Chart should render 1`] = `
Array [
  <ForwardRef(WithStyles)
    container={true}
    id="GridRunRateChart"
    spacing={0}
    style={
      Object {
        "height": "98%",
      }
    }
  >
     
    <ForwardRef(WithStyles)
      item={true}
      lg={6}
      md={6}
      sm={12}
      style={
        Object {
          "verticalAlign": "middle",
        }
      }
      xs={12}
    >
      <Polar
        data={
          Object {
            "datasets": Array [
              Object {
                "backgroundColor": Array [
                  "#CEF1A3",
                  "#526061",
                  "#FBD55B",
                  "#935FD6",
                  "#EA8032",
                  "#3DAAE9",
                ],
                "data": Array [
                  23,
                  16,
                  32,
                  12,
                  10,
                  12,
                ],
                "label": "My dataset",
              },
            ],
            "labels": Array [
              "Initial Customer Enquiry",
              "J&A",
              "Bid Submitted",
              "Order Received",
              "In Progress",
              "Completed",
            ],
          }
        }
        height={60}
        options={
          Object {
            "legend": Object {
              "display": true,
              "position": "bottom",
            },
            "maintainAspectRatio": true,
            "responsive": true,
          }
        }
        width={50}
      />
       
    </ForwardRef(WithStyles)>
     
    <ForwardRef(WithStyles)
      id="GridLostRunRateChart"
      item={true}
      lg={6}
      md={6}
      sm={12}
      style={
        Object {
          "textAlign": "center",
        }
      }
      xs={12}
    >
      <h4>
        Lost 
      </h4>
      <LostRunRateChart
        BidSubmitted={30}
        Completed={20}
        ICE={56}
        InProgress={24}
        JandA={12}
        OrderReceived={20}
      />
      <h4>
        On-Hold 
      </h4>
      <OnHoldRunRateChart
        BidSubmitted={30}
        Completed={20}
        ICE={56}
        InProgress={24}
        JandA={12}
        OrderReceived={20}
      />
    </ForwardRef(WithStyles)>
  </ForwardRef(WithStyles)>,
]
`;
